[search_full] Scopus rescue failed for query '多智能体协同 竞争情报 检索 证据聚合 收益'
[search_full] Scopus rescue failed for query '单智能体 多智能体 信息服务 差异 指标 知识服务'
[search_full] Scopus rescue failed for query '智慧情报服务 retrieval-evidence-writing 多阶段工作流 设计'
[GoogleScholar] scholarly 检索失败: Cannot Fetch from Google Scholar.
[GoogleScholar] Google Scholar 反爬虫拦截（页面: 'Sorry...'）— 建议：① 填入 SerpAPI Key（serpapi.com 免费100次/月），或 ② 更换代理节点后重试
[GoogleScholar] 全部方案均失败: Google Scholar 反爬虫拦截（页面: 'Sorry...'）— 建议：① 填入 SerpAPI Key（serpapi.com 免费100次/月），或 ② 更换代理节点后重试
[search_full] Google Scholar all retries failed: Google Scholar 反爬虫拦截（页面: 'Sorry...'）— 建议：① 填入 SerpAPI Key（serpapi.com 免费100次/月），或 ② 更换代理节点后重试
[search_full] Scopus rescue failed for query '智慧情报服务系统 自动评测指标'
[search_full] Scopus rescue failed for query '引用准确率 orphan citation rate 智慧情报服务 核心指标'
[search_full] Scopus rescue failed for query '多智能协同系统 reviewer agent 报告质量 改进'
[search_full] Scopus rescue failed for query 'evidence agent 情报报告 证据覆盖率 影响'
[search_full] Scopus rescue failed for query '多智能协同 情报服务 文献检索 相关性 优化策略'
[search_full] Scopus rescue failed for query 'query expansion 收益 风险 评估 智慧情报服务'
Loaded 30 benchmark queries.
Output directory: data\method1_outputs
------------------------------------------------------------

[Q02] 多智能体协同在竞争情报检索与证据聚合中的核心收益是什么？...
  [R1] Retrieval...
[Search] Original: '多智能体协同 竞争情报 检索 证据聚合 收益'
[Search] Chinese: '多智能体协同 竞争情报 检索 证据聚合 收益' -> English: '多智能体协同 竞争情报 检索 证据聚合 收益'
[Search] No English translation found; skip English-only APIs for this query
[HTTP] 429 rate limit, wait 5s (1/4)
[Search] Relevance filter: removed 14 unrelated papers
[Search] Final: 0 papers (from 0 before dedup)
       Retrieved 12 papers
  [R2] Screening (top 8)...
       Screened to 8 papers
  [R3] Evidence extraction...
       Evidence extracted for 8 papers
  [R4] Synthesis...
  Saved: Q02_method1_20260410_211424.md
  Sleeping 12.0s...

[Q03] 面向知识服务场景，单智能体与多智能体的信息服务差异体现在哪些指标上？...
  [R1] Retrieval...
[Search] Original: '单智能体 多智能体 信息服务 差异 指标 知识服务'
[Search] Chinese: '单智能体 多智能体 信息服务 差异 指标 知识服务' -> English: '单智能体 多智能体 信息服务 差异 指标 知识服务'
[Search] No English translation found; skip English-only APIs for this query
[HTTP] 429 rate limit, wait 5s (1/4)
[Search] Relevance filter: removed 16 unrelated papers
[Search] Final: 0 papers (from 0 before dedup)
       Retrieved 12 papers
  [R2] Screening (top 8)...
       Screened to 8 papers
  [R3] Evidence extraction...
       Evidence extracted for 8 papers
  [R4] Synthesis...
  Saved: Q03_method1_20260410_211633.md
  Sleeping 12.0s...

[Q04] 如何为智慧情报服务设计 retrieval-evidence-writing 的多阶段工作流？...
  [R1] Retrieval...
[Search] Original: '智慧情报服务 retrieval-evidence-writing 多阶段工作流 设计'
[Search] Chinese: '智慧情报服务 retrieval-evidence-writing 多阶段工作流 设计' -> English: '智慧情报服务 retrieval-evidence-writing 多阶段工作流 设计'
[Search] No English translation found; skip English-only APIs for this query
[HTTP] 429 rate limit, wait 5s (1/4)
[Search] Relevance filter: removed 12 unrelated papers
[Search] Final: 0 papers (from 0 before dedup)
       Retrieved 0 papers
  [R2] Screening (top 8)...
       Screened to 0 papers
  [R3] Evidence extraction...
       Evidence extracted for 0 papers
  [R4] Synthesis...
  Saved: Q04_method1_20260410_211838.md
  Sleeping 12.0s...

[Q05] 智慧情报服务系统最适合采用哪些自动评测指标？...
  [R1] Retrieval...
[Search] Original: '智慧情报服务系统 自动评测指标'
[Search] Chinese: '智慧情报服务系统 自动评测指标' -> English: '智慧情报服务系统 自动评测指标'
[Search] No English translation found; skip English-only APIs for this query
[Search] Relevance filter: removed 20 unrelated papers
[Search] Final: 0 papers (from 0 before dedup)
       Retrieved 12 papers
  [R2] Screening (top 8)...
       Screened to 8 papers
  [R3] Evidence extraction...
       Evidence extracted for 8 papers
  [R4] Synthesis...
  Saved: Q05_method1_20260410_212447.md
  Sleeping 12.0s...

[Q06] 引用准确率和 orphan citation rate 是否能作为智慧情报服务的核心指标？...
  [R1] Retrieval...
[Search] Original: '引用准确率 orphan citation rate 智慧情报服务 核心指标'
[Search] Chinese: '引用准确率 orphan citation rate 智慧情报服务 核心指标' -> English: '引用准确率 orphan citation rate 智慧情报服务 核心指标'
[Search] No English translation found; skip English-only APIs for this query
[Search] Relevance filter: removed 12 unrelated papers
[Search] Final: 0 papers (from 0 before dedup)
       Retrieved 2 papers
  [R2] Screening (top 8)...
       Screened to 2 papers
  [R3] Evidence extraction...
       Evidence extracted for 2 papers
  [R4] Synthesis...
  Saved: Q06_method1_20260410_212640.md
  Sleeping 12.0s...

[Q07] 多智能协同系统的 reviewer agent 对最终报告质量能带来哪些可观察改进？...
  [R1] Retrieval...
[Search] Original: '多智能协同系统 reviewer agent 报告质量 改进'
[Search] Chinese: '多智能协同系统 reviewer agent 报告质量 改进' -> English: '多智能协同系统 reviewer agent 报告质量 改进'
[Search] No English translation found; skip English-only APIs for this query
[Search] Relevance filter: removed 12 unrelated papers
[Search] Final: 0 papers (from 0 before dedup)
       Retrieved 12 papers
  [R2] Screening (top 8)...
       Screened to 8 papers
  [R3] Evidence extraction...
       Evidence extracted for 8 papers
  [R4] Synthesis...
  Saved: Q07_method1_20260410_212744.md
  Sleeping 12.0s...

[Q08] evidence agent 对情报报告的证据覆盖率有何影响？...
  [R1] Retrieval...
[Search] Original: 'evidence agent 情报报告 证据覆盖率 影响'
[Search] Chinese: 'evidence agent 情报报告 证据覆盖率 影响' -> English: 'evidence agent 情报报告 证据覆盖率 影响'
[Search] No English translation found; skip English-only APIs for this query
[Search] Relevance filter: removed 13 unrelated papers
[Search] Final: 0 papers (from 0 before dedup)
       Retrieved 12 papers
  [R2] Screening (top 8)...
       Screened to 8 papers
  [R3] Evidence extraction...
       Evidence extracted for 8 papers
  [R4] Synthesis...
  Saved: Q08_method1_20260410_212928.md
  Sleeping 12.0s...

[Q09] 多智能协同驱动的情报服务在文献检索相关性方面有哪些优化策略？...
  [R1] Retrieval...
[Search] Original: '多智能协同 情报服务 文献检索 相关性 优化策略'
[Search] Chinese: '多智能协同 情报服务 文献检索 相关性 优化策略' -> English: '多智能协同 情报服务 文献检索 相关性 优化策略'
[Search] No English translation found; skip English-only APIs for this query
[Search] Relevance filter: removed 15 unrelated papers
[Search] Final: 0 papers (from 0 before dedup)
       Retrieved 12 papers
  [R2] Screening (top 8)...
       Screened to 8 papers
  [R3] Evidence extraction...
       Evidence extracted for 8 papers
  [R4] Synthesis...
  Saved: Q09_method1_20260410_213130.md
  Sleeping 12.0s...

[Q10] 如何评估智慧情报服务中 query expansion 的收益与风险？...
  [R1] Retrieval...
[Search] Original: 'query expansion 收益 风险 评估 智慧情报服务'
[Search] Chinese: 'query expansion 收益 风险 评估 智慧情报服务' -> English: 'query expansion 收益 风险 评估 智慧情报服务'
[Search] No English translation found; skip English-only APIs for this query
[Search] Relevance filter: removed 12 unrelated papers
[Search] Final: 0 papers (from 0 before dedup)
       Retrieved 2 papers
  [R2] Screening (top 8)...
       Screened to 2 papers
  [R3] Evidence extraction...
       Evidence extracted for 2 papers
  [R4] Synthesis...
  Saved: Q10_method1_20260410_213315.md
  Sleeping 12.0s...

============================================================
Done. Success: 9  Failed: 0
Run evaluate_metrics.py --dir data/method1_outputs to score results.
